app/(auth)/callback/route.ts(28,12): error TS2769: No overload matches this call.
  Overload 1 of 2, '(values: never, options?: { onConflict?: string | undefined; ignoreDuplicates?: boolean | undefined; count?: "exact" | "planned" | "estimated" | undefined; } | undefined): PostgrestFilterBuilder<{ ...; }, ... 5 more ..., "POST">', gave the following error.
    Argument of type '{ id: string; email: string; full_name: any; avatar_url: any; updated_at: string; }' is not assignable to parameter of type 'never'.
  Overload 2 of 2, '(values: never[], options?: { onConflict?: string | undefined; ignoreDuplicates?: boolean | undefined; count?: "exact" | "planned" | "estimated" | undefined; defaultToNull?: boolean | undefined; } | undefined): PostgrestFilterBuilder<...>', gave the following error.
    Object literal may only specify known properties, and 'id' does not exist in type 'never[]'.
app/(auth)/register/page.tsx(74,41): error TS2769: No overload matches this call.
  Overload 1 of 2, '(values: never, options?: { onConflict?: string | undefined; ignoreDuplicates?: boolean | undefined; count?: "exact" | "planned" | "estimated" | undefined; } | undefined): PostgrestFilterBuilder<{ ...; }, ... 5 more ..., "POST">', gave the following error.
    Argument of type '{ id: string; email: string; full_name: string; updated_at: string; }' is not assignable to parameter of type 'never'.
  Overload 2 of 2, '(values: never[], options?: { onConflict?: string | undefined; ignoreDuplicates?: boolean | undefined; count?: "exact" | "planned" | "estimated" | undefined; defaultToNull?: boolean | undefined; } | undefined): PostgrestFilterBuilder<...>', gave the following error.
    Object literal may only specify known properties, and 'id' does not exist in type 'never[]'.
app/(dashboard)/profile/profile-form.tsx(64,17): error TS2345: Argument of type 'any' is not assignable to parameter of type 'never'.
app/(dashboard)/projects/[projectId]/_queue/store.ts(115,19): error TS2345: Argument of type '{ games_requested: number; }' is not assignable to parameter of type 'never'.
app/(dashboard)/projects/[projectId]/_queue/store.ts(127,75): error TS2769: No overload matches this call.
  Overload 1 of 2, '(values: never, options?: { count?: "exact" | "planned" | "estimated" | undefined; } | undefined): PostgrestFilterBuilder<{ PostgrestVersion: "12"; }, never, never, null, "queue_entries", never, "POST">', gave the following error.
    Argument of type '{ project_id: string; game_id: string; display_name: string | null; games_requested: number; is_fast_track: boolean; role_ids: string[] | null; status: "waiting"; }' is not assignable to parameter of type 'never'.
  Overload 2 of 2, '(values: never[], options?: { count?: "exact" | "planned" | "estimated" | undefined; defaultToNull?: boolean | undefined; } | undefined): PostgrestFilterBuilder<{ PostgrestVersion: "12"; }, never, never, null, "queue_entries", never, "POST">', gave the following error.
    Object literal may only specify known properties, and 'project_id' does not exist in type 'never[]'.
app/(dashboard)/projects/[projectId]/_queue/store.ts(153,15): error TS2345: Argument of type '{ status: "waiting" | "playing" | "done"; }' is not assignable to parameter of type 'never'.
app/(dashboard)/projects/[projectId]/_queue/store.ts(162,15): error TS2345: Argument of type '{ games_played: number; }' is not assignable to parameter of type 'never'.
app/(dashboard)/projects/[projectId]/_queue/store.ts(171,15): error TS2345: Argument of type '{ games_requested: number; }' is not assignable to parameter of type 'never'.
app/(dashboard)/projects/[projectId]/_queue/store.ts(186,15): error TS2345: Argument of type '{ is_fast_track: boolean; }' is not assignable to parameter of type 'never'.
app/(dashboard)/projects/[projectId]/page.tsx(52,28): error TS2339: Property 'owner_id' does not exist on type 'never'.
app/(dashboard)/projects/[projectId]/settings/member-management.tsx(101,8): error TS2769: No overload matches this call.
  Overload 1 of 2, '(values: never, options?: { count?: "exact" | "planned" | "estimated" | undefined; } | undefined): PostgrestFilterBuilder<{ PostgrestVersion: "12"; }, never, never, null, "project_members", never, "POST">', gave the following error.
    Argument of type '{ project_id: string; user_id: string; role: string; }' is not assignable to parameter of type 'never'.
  Overload 2 of 2, '(values: never[], options?: { count?: "exact" | "planned" | "estimated" | undefined; defaultToNull?: boolean | undefined; } | undefined): PostgrestFilterBuilder<{ PostgrestVersion: "12"; }, never, never, null, "project_members", never, "POST">', gave the following error.
    Object literal may only specify known properties, and 'project_id' does not exist in type 'never[]'.
app/(dashboard)/projects/[projectId]/settings/member-management.tsx(139,8): error TS2769: No overload matches this call.
  Overload 1 of 2, '(values: never, options?: { count?: "exact" | "planned" | "estimated" | undefined; } | undefined): PostgrestFilterBuilder<{ PostgrestVersion: "12"; }, never, never, null, "invite_links", never, "POST">', gave the following error.
    Argument of type '{ project_id: string; token: string; created_by: string; max_uses: number; }' is not assignable to parameter of type 'never'.
  Overload 2 of 2, '(values: never[], options?: { count?: "exact" | "planned" | "estimated" | undefined; defaultToNull?: boolean | undefined; } | undefined): PostgrestFilterBuilder<{ PostgrestVersion: "12"; }, never, never, null, "invite_links", never, "POST">', gave the following error.
    Object literal may only specify known properties, and 'project_id' does not exist in type 'never[]'.
app/(dashboard)/projects/[projectId]/settings/page.tsx(27,27): error TS2339: Property 'owner_id' does not exist on type 'never'.
app/(dashboard)/projects/[projectId]/settings/project-settings.tsx(104,15): error TS2345: Argument of type '{ name: string; game_name: string; is_repeatable: boolean; has_fast_track: boolean; is_active: boolean; }' is not assignable to parameter of type 'never'.
app/(dashboard)/projects/[projectId]/settings/project-settings.tsx(129,8): error TS2769: No overload matches this call.
  Overload 1 of 2, '(values: never, options?: { count?: "exact" | "planned" | "estimated" | undefined; } | undefined): PostgrestFilterBuilder<{ PostgrestVersion: "12"; }, never, never, null, "project_roles", never, "POST">', gave the following error.
    Argument of type '{ project_id: string; name: string; display_order: number; }' is not assignable to parameter of type 'never'.
  Overload 2 of 2, '(values: never[], options?: { count?: "exact" | "planned" | "estimated" | undefined; defaultToNull?: boolean | undefined; } | undefined): PostgrestFilterBuilder<{ PostgrestVersion: "12"; }, never, never, null, "project_roles", never, "POST">', gave the following error.
    Object literal may only specify known properties, and 'project_id' does not exist in type 'never[]'.
app/(dashboard)/projects/new/page.tsx(45,10): error TS2769: No overload matches this call.
  Overload 1 of 2, '(values: never, options?: { count?: "exact" | "planned" | "estimated" | undefined; } | undefined): PostgrestFilterBuilder<{ PostgrestVersion: "12"; }, never, never, null, "projects", never, "POST">', gave the following error.
    Argument of type '{ owner_id: string; name: string; slug: string; game_name: string; is_repeatable: boolean; has_fast_track: boolean; }' is not assignable to parameter of type 'never'.
  Overload 2 of 2, '(values: never[], options?: { count?: "exact" | "planned" | "estimated" | undefined; defaultToNull?: boolean | undefined; } | undefined): PostgrestFilterBuilder<{ PostgrestVersion: "12"; }, never, never, null, "projects", never, "POST">', gave the following error.
    Object literal may only specify known properties, and 'owner_id' does not exist in type 'never[]'.
app/(dashboard)/projects/new/page.tsx(62,40): error TS2339: Property 'id' does not exist on type 'never'.
app/(dashboard)/projects/page.tsx(54,18): error TS2339: Property 'projects' does not exist on type 'never'.
app/(public)/invite/[token]/page.tsx(51,19): error TS2339: Property 'expires_at' does not exist on type 'never'.
app/(public)/invite/[token]/page.tsx(51,54): error TS2339: Property 'expires_at' does not exist on type 'never'.
app/(public)/invite/[token]/page.tsx(72,19): error TS2339: Property 'max_uses' does not exist on type 'never'.
app/(public)/invite/[token]/page.tsx(72,44): error TS2339: Property 'uses_count' does not exist on type 'never'.
app/(public)/invite/[token]/page.tsx(72,76): error TS2339: Property 'max_uses' does not exist on type 'never'.
app/(public)/invite/[token]/page.tsx(93,31): error TS2339: Property 'projects' does not exist on type 'never'.
app/(public)/invite/[token]/page.tsx(101,37): error TS2339: Property 'project_id' does not exist on type 'never'.
app/(public)/invite/[token]/page.tsx(107,41): error TS2339: Property 'project_id' does not exist on type 'never'.
app/(public)/invite/[token]/page.tsx(111,103): error TS2345: Argument of type '{ link_token: string; }' is not assignable to parameter of type 'undefined'.
app/(public)/p/[slug]/page.tsx(31,31): error TS2339: Property 'id' does not exist on type 'never'.
app/(public)/p/[slug]/page.tsx(39,31): error TS2339: Property 'id' does not exist on type 'never'.
app/(public)/p/[slug]/page.tsx(45,40): error TS2339: Property 'owner_id' does not exist on type 'never'.
app/page.tsx(13,15): error TS2322: Type '{ showDashboardLink: boolean; }' is not assignable to type 'IntrinsicAttributes & NavbarProps'.
  Property 'showDashboardLink' does not exist on type 'IntrinsicAttributes & NavbarProps'.
lib/utils/permissions.ts(20,15): error TS2339: Property 'owner_id' does not exist on type 'never'.
lib/utils/permissions.ts(62,15): error TS2339: Property 'role' does not exist on type 'never'.
