app/(auth)/callback/route.ts(28,12): error TS2769: No overload matches this call.
  Overload 1 of 2, '(values: never, options?: { onConflict?: string | undefined; ignoreDuplicates?: boolean | undefined; count?: "exact" | "planned" | "estimated" | undefined; } | undefined): PostgrestFilterBuilder<{ ...; }, ... 5 more ..., "POST">', gave the following error.
    Argument of type '{ id: string; email: string; full_name: any; avatar_url: any; updated_at: string; }' is not assignable to parameter of type 'never'.
  Overload 2 of 2, '(values: never[], options?: { onConflict?: string | undefined; ignoreDuplicates?: boolean | undefined; count?: "exact" | "planned" | "estimated" | undefined; defaultToNull?: boolean | undefined; } | undefined): PostgrestFilterBuilder<...>', gave the following error.
    Object literal may only specify known properties, and 'id' does not exist in type 'never[]'.
app/(auth)/register/page.tsx(74,41): error TS2769: No overload matches this call.
  Overload 1 of 2, '(values: never, options?: { onConflict?: string | undefined; ignoreDuplicates?: boolean | undefined; count?: "exact" | "planned" | "estimated" | undefined; } | undefined): PostgrestFilterBuilder<{ ...; }, ... 5 more ..., "POST">', gave the following error.
    Argument of type '{ id: string; email: string; full_name: string; updated_at: string; }' is not assignable to parameter of type 'never'.
  Overload 2 of 2, '(values: never[], options?: { onConflict?: string | undefined; ignoreDuplicates?: boolean | undefined; count?: "exact" | "planned" | "estimated" | undefined; defaultToNull?: boolean | undefined; } | undefined): PostgrestFilterBuilder<...>', gave the following error.
    Object literal may only specify known properties, and 'id' does not exist in type 'never[]'.
app/(dashboard)/profile/profile-form.tsx(64,17): error TS2345: Argument of type 'any' is not assignable to parameter of type 'never'.
app/(dashboard)/projects/[projectId]/settings/project-settings.tsx(104,15): error TS2345: Argument of type '{ name: string; game_name: string; is_repeatable: boolean; has_fast_track: boolean; is_active: boolean; }' is not assignable to parameter of type 'never'.
app/(dashboard)/projects/[projectId]/settings/project-settings.tsx(129,8): error TS2769: No overload matches this call.
  Overload 1 of 2, '(values: never, options?: { count?: "exact" | "planned" | "estimated" | undefined; } | undefined): PostgrestFilterBuilder<{ PostgrestVersion: "12"; }, never, never, null, "project_roles", never, "POST">', gave the following error.
    Argument of type '{ project_id: string; name: string; display_order: number; }' is not assignable to parameter of type 'never'.
  Overload 2 of 2, '(values: never[], options?: { count?: "exact" | "planned" | "estimated" | undefined; defaultToNull?: boolean | undefined; } | undefined): PostgrestFilterBuilder<{ PostgrestVersion: "12"; }, never, never, null, "project_roles", never, "POST">', gave the following error.
    Object literal may only specify known properties, and 'project_id' does not exist in type 'never[]'.
app/(dashboard)/projects/new/page.tsx(45,10): error TS2769: No overload matches this call.
  Overload 1 of 2, '(values: never, options?: { count?: "exact" | "planned" | "estimated" | undefined; } | undefined): PostgrestFilterBuilder<{ PostgrestVersion: "12"; }, never, never, null, "projects", never, "POST">', gave the following error.
    Argument of type '{ owner_id: string; name: string; slug: string; game_name: string; is_repeatable: boolean; has_fast_track: boolean; }' is not assignable to parameter of type 'never'.
  Overload 2 of 2, '(values: never[], options?: { count?: "exact" | "planned" | "estimated" | undefined; defaultToNull?: boolean | undefined; } | undefined): PostgrestFilterBuilder<{ PostgrestVersion: "12"; }, never, never, null, "projects", never, "POST">', gave the following error.
    Object literal may only specify known properties, and 'owner_id' does not exist in type 'never[]'.
app/(dashboard)/projects/new/page.tsx(62,40): error TS2339: Property 'id' does not exist on type 'never'.
app/(dashboard)/projects/page.tsx(54,11): error TS7006: Parameter 'm' implicitly has an 'any' type.
app/(dashboard)/projects/page.tsx(55,14): error TS7006: Parameter 'p' implicitly has an 'any' type.
app/(public)/p/[slug]/page.tsx(31,31): error TS2339: Property 'id' does not exist on type 'never'.
app/(public)/p/[slug]/page.tsx(39,31): error TS2339: Property 'id' does not exist on type 'never'.
app/(public)/p/[slug]/page.tsx(45,40): error TS2339: Property 'owner_id' does not exist on type 'never'.
lib/utils/permissions.ts(20,15): error TS2339: Property 'owner_id' does not exist on type 'never'.
lib/utils/permissions.ts(62,15): error TS2339: Property 'role' does not exist on type 'never'.
